 
[2025-10-31 14:37:26] INFO [liquibase.database] Set default schema name to rshb_sofr
[2025-10-31 14:37:26] INFO [liquibase.lockservice] Successfully acquired change log lock
[2025-10-31 14:37:27] INFO [liquibase.changelog] Reading resource: pg_recover/data/DDL_LIMITSECURITES_DBT_202510311218_31.sql
[2025-10-31 14:37:27] INFO [liquibase.changelog] Reading resource: pg_recover/data/DDL_LIMITSECURITES_DBT_202510311218_32.sql
[2025-10-31 14:37:27] INFO [liquibase.changelog] Reading resource: pg_recover/data/DDL_LIMITSECURITES_DBT_202510311218_33.sql
[2025-10-31 14:37:27] INFO [liquibase.changelog] Reading resource: pg_recover/data/DDL_LIMITSECURITES_DBT_202510311218_34.sql
[2025-10-31 14:37:28] INFO [liquibase.changelog] Reading resource: pg_recover/data/DDL_LIMITSECURITES_DBT_202510311218_35.sql
[2025-10-31 14:37:28] INFO [liquibase.changelog] Reading resource: pg_recover/data/DDL_LIMITSECURITES_DBT_202510311218_36.sql
[2025-10-31 14:37:28] INFO [liquibase.changelog] Reading from rshb_sofr.databasechangelog
[2025-10-31 14:37:46] INFO [liquibase.changelog] Custom SQL executed
[2025-10-31 14:37:46] INFO [liquibase.changelog] ChangeSet pg_recover/data/DDL_LIMITSECURITES_DBT_202510311218_31.sql::raw::includeAll ran successfully in 16972ms
[2025-10-31 14:37:58] INFO [liquibase.changelog] Custom SQL executed
[2025-10-31 14:37:58] INFO [liquibase.changelog] ChangeSet pg_recover/data/DDL_LIMITSECURITES_DBT_202510311218_32.sql::raw::includeAll ran successfully in 12300ms
[2025-10-31 14:38:09] INFO [liquibase.changelog] Custom SQL executed
[2025-10-31 14:38:09] INFO [liquibase.changelog] ChangeSet pg_recover/data/DDL_LIMITSECURITES_DBT_202510311218_33.sql::raw::includeAll ran successfully in 11034ms
[2025-10-31 14:38:20] INFO [liquibase.changelog] Custom SQL executed
[2025-10-31 14:38:20] INFO [liquibase.changelog] ChangeSet pg_recover/data/DDL_LIMITSECURITES_DBT_202510311218_34.sql::raw::includeAll ran successfully in 11348ms
[2025-10-31 14:38:32] INFO [liquibase.changelog] Custom SQL executed
[2025-10-31 14:38:32] INFO [liquibase.changelog] ChangeSet pg_recover/data/DDL_LIMITSECURITES_DBT_202510311218_35.sql::raw::includeAll ran successfully in 11008ms
[2025-10-31 14:38:38] INFO [liquibase.changelog] Custom SQL executed
[2025-10-31 14:38:38] INFO [liquibase.changelog] ChangeSet pg_recover/data/DDL_LIMITSECURITES_DBT_202510311218_36.sql::raw::includeAll ran successfully in 6944ms
[2025-10-31 14:38:38] INFO [liquibase.lockservice] Successfully released change log lock
